ERC report (2026-05-26T02:06:54, Encoding UTF8)
Report includes: Errors, Warnings

***** Sheet /
[pin_not_connected]: Pin not connected
    ; error
    @(36.83 mm, 29.21 mm): Symbol A1 Pin 8 [VIN, Power input, Line]
[power_pin_not_driven]: Input Power pin not driven by any Output Power pins
    ; error
    @(36.83 mm, 29.21 mm): Symbol A1 Pin 8 [VIN, Power input, Line]
[pin_not_connected]: Pin not connected
    ; error
    @(26.67 mm, 39.37 mm): Symbol A1 Pin 15 [D0/RX, Bidirectional, Line]
[pin_not_connected]: Pin not connected
    ; error
    @(26.67 mm, 41.91 mm): Symbol A1 Pin 16 [D1/TX, Bidirectional, Line]
[pin_not_connected]: Pin not connected
    ; error
    @(41.91 mm, 29.21 mm): Symbol A1 Pin 4 [3V3, Power output, Line]
[pin_not_connected]: Pin not connected
    ; error
    @(52.07 mm, 39.37 mm): Symbol A1 Pin 3 [~{RESET}, Input, Line]
[pin_not_driven]: Input pin not driven by any Output pins
    ; error
    @(52.07 mm, 39.37 mm): Symbol A1 Pin 3 [~{RESET}, Input, Line]
[pin_not_connected]: Pin not connected
    ; error
    @(52.07 mm, 44.45 mm): Symbol A1 Pin 2 [IOREF, Output, Line]
[pin_not_connected]: Pin not connected
    ; error
    @(52.07 mm, 49.53 mm): Symbol A1 Pin 30 [AREF, Input, Line]
[pin_not_driven]: Input pin not driven by any Output pins
    ; error
    @(52.07 mm, 49.53 mm): Symbol A1 Pin 30 [AREF, Input, Line]
[pin_not_connected]: Pin not connected
    ; error
    @(26.67 mm, 67.31 mm): Symbol A1 Pin 26 [D11, Bidirectional, Line]
[pin_not_connected]: Pin not connected
    ; error
    @(26.67 mm, 69.85 mm): Symbol A1 Pin 27 [D12, Bidirectional, Line]
[pin_not_connected]: Pin not connected
    ; error
    @(52.07 mm, 54.61 mm): Symbol A1 Pin 9 [A0, Bidirectional, Line]
[pin_not_connected]: Pin not connected
    ; error
    @(26.67 mm, 72.39 mm): Symbol A1 Pin 28 [D13, Bidirectional, Line]
[pin_not_connected]: Pin not connected
    ; error
    @(52.07 mm, 57.15 mm): Symbol A1 Pin 10 [A1, Bidirectional, Line]
[pin_not_connected]: Pin not connected
    ; error
    @(52.07 mm, 59.69 mm): Symbol A1 Pin 11 [A2, Bidirectional, Line]
[pin_not_connected]: Pin not connected
    ; error
    @(52.07 mm, 62.23 mm): Symbol A1 Pin 12 [A3, Bidirectional, Line]
[pin_not_connected]: Pin not connected
    ; error
    @(52.07 mm, 64.77 mm): Symbol A1 Pin 13 [SDA/A4, Bidirectional, Line]
[pin_not_connected]: Pin not connected
    ; error
    @(52.07 mm, 67.31 mm): Symbol A1 Pin 14 [SCL/A5, Bidirectional, Line]
[pin_not_connected]: Pin not connected
    ; error
    @(52.07 mm, 72.39 mm): Symbol A1 Pin 31 [SDA/A4, Bidirectional, Line]
[pin_not_connected]: Pin not connected
    ; error
    @(77.47 mm, 45.72 mm): Symbol U1 Pin 13 [CLK, Input, Line]
[pin_not_driven]: Input pin not driven by any Output pins
    ; error
    @(77.47 mm, 45.72 mm): Symbol U1 Pin 13 [CLK, Input, Line]
[pin_not_connected]: Pin not connected
    ; error
    @(52.07 mm, 74.93 mm): Symbol A1 Pin 32 [SCL/A5, Bidirectional, Line]
[pin_not_connected]: Pin not connected
    ; error
    @(39.37 mm, 82.55 mm): Symbol A1 Pin 6 [GND, Power input, Line]
[power_pin_not_driven]: Input Power pin not driven by any Output Power pins
    ; error
    @(39.37 mm, 82.55 mm): Symbol A1 Pin 6 [GND, Power input, Line]
[pin_not_connected]: Pin not connected
    ; error
    @(41.91 mm, 82.55 mm): Symbol A1 Pin 7 [GND, Power input, Line]
[power_pin_not_driven]: Input Power pin not driven by any Output Power pins
    ; error
    @(41.91 mm, 82.55 mm): Symbol A1 Pin 7 [GND, Power input, Line]
[pin_not_connected]: Pin not connected
    ; error
    @(77.47 mm, 50.80 mm): Symbol U1 Pin 14 [~{PD}/UART, Bidirectional, Line]
[pin_not_connected]: Pin not connected
    ; error
    @(77.47 mm, 60.96 mm): Symbol U1 Pin 7 [SPREAD, Input, Line]
[pin_not_driven]: Input pin not driven by any Output pins
    ; error
    @(77.47 mm, 60.96 mm): Symbol U1 Pin 7 [SPREAD, Input, Line]
[pin_not_connected]: Pin not connected
    ; error
    @(29.21 mm, 96.52 mm): Symbol PS1 Pin 1 [L, Power input, Line]
[power_pin_not_driven]: Input Power pin not driven by any Output Power pins
    ; error
    @(29.21 mm, 96.52 mm): Symbol PS1 Pin 1 [L, Power input, Line]
[pin_not_connected]: Pin not connected
    ; error
    @(97.79 mm, 30.48 mm): Symbol U1 Pin 6 [VCP, Output, Line]
[pin_not_connected]: Pin not connected
    ; error
    @(77.47 mm, 68.58 mm): Symbol U1 Pin 20 [STDBY, Input, Line]
[pin_not_driven]: Input pin not driven by any Output pins
    ; error
    @(77.47 mm, 68.58 mm): Symbol U1 Pin 20 [STDBY, Input, Line]
[pin_not_connected]: Pin not connected
    ; error
    @(29.21 mm, 101.60 mm): Symbol PS1 Pin 2 [N, Power input, Line]
[power_pin_not_driven]: Input Power pin not driven by any Output Power pins
    ; error
    @(29.21 mm, 101.60 mm): Symbol PS1 Pin 2 [N, Power input, Line]
[pin_not_connected]: Pin not connected
    ; error
    @(77.47 mm, 73.66 mm): Symbol U1 Pin 11 [DIAG, Output, Line]
[pin_not_connected]: Pin not connected
    ; error
    @(77.47 mm, 76.20 mm): Symbol U1 Pin 12 [INDEX, Output, Line]
[pin_not_connected]: Pin not connected
    ; error
    @(107.95 mm, 38.10 mm): Symbol U1 Pin 8 [5VOUT, Power output, Line]
[pin_not_connected]: Pin not connected
    ; error
    @(107.95 mm, 43.18 mm): Symbol U1 Pin 17 [VREF, Passive, Line]
[pin_not_connected]: Pin not connected
    ; error
    @(107.95 mm, 48.26 mm): Symbol U1 Pin 4 [CPO, Input, Line]
[pin_not_driven]: Input pin not driven by any Output pins
    ; error
    @(107.95 mm, 48.26 mm): Symbol U1 Pin 4 [CPO, Input, Line]
[pin_not_connected]: Pin not connected
    ; error
    @(107.95 mm, 53.34 mm): Symbol U1 Pin 5 [CPI, Input, Line]
[pin_not_driven]: Input pin not driven by any Output pins
    ; error
    @(107.95 mm, 53.34 mm): Symbol U1 Pin 5 [CPI, Input, Line]
[pin_not_connected]: Pin not connected
    ; error
    @(95.25 mm, 83.82 mm): Symbol U1 Pin 25 [NC, Passive, Line]
[pin_not_connected]: Pin not connected
    ; error
    @(107.95 mm, 73.66 mm): Symbol U1 Pin 23 [BRA, Input, Line]
[pin_not_driven]: Input pin not driven by any Output pins
    ; error
    @(107.95 mm, 73.66 mm): Symbol U1 Pin 23 [BRA, Input, Line]
[pin_not_connected]: Pin not connected
    ; error
    @(107.95 mm, 76.20 mm): Symbol U1 Pin 27 [BRB, Input, Line]
[pin_not_driven]: Input pin not driven by any Output pins
    ; error
    @(107.95 mm, 76.20 mm): Symbol U1 Pin 27 [BRB, Input, Line]
[pin_not_connected]: Pin not connected
    ; error
    @(76.20 mm, 121.92 mm): Symbol U2 Pin 13 [CLK, Input, Line]
[pin_not_driven]: Input pin not driven by any Output pins
    ; error
    @(76.20 mm, 121.92 mm): Symbol U2 Pin 13 [CLK, Input, Line]
[pin_not_connected]: Pin not connected
    ; error
    @(96.52 mm, 106.68 mm): Symbol U2 Pin 6 [VCP, Output, Line]
[pin_not_connected]: Pin not connected
    ; error
    @(76.20 mm, 127.00 mm): Symbol U2 Pin 14 [~{PD}/UART, Bidirectional, Line]
[pin_not_connected]: Pin not connected
    ; error
    @(76.20 mm, 132.08 mm): Symbol U2 Pin 9 [MS1/AD0, Input, Line]
[pin_not_driven]: Input pin not driven by any Output pins
    ; error
    @(76.20 mm, 132.08 mm): Symbol U2 Pin 9 [MS1/AD0, Input, Line]
[pin_not_connected]: Pin not connected
    ; error
    @(76.20 mm, 134.62 mm): Symbol U2 Pin 10 [MS2/AD1, Input, Line]
[pin_not_driven]: Input pin not driven by any Output pins
    ; error
    @(76.20 mm, 134.62 mm): Symbol U2 Pin 10 [MS2/AD1, Input, Line]
[pin_not_connected]: Pin not connected
    ; error
    @(106.68 mm, 114.30 mm): Symbol U2 Pin 8 [5VOUT, Power output, Line]
[pin_not_connected]: Pin not connected
    ; error
    @(76.20 mm, 137.16 mm): Symbol U2 Pin 7 [SPREAD, Input, Line]
[pin_not_driven]: Input pin not driven by any Output pins
    ; error
    @(76.20 mm, 137.16 mm): Symbol U2 Pin 7 [SPREAD, Input, Line]
[pin_not_connected]: Pin not connected
    ; error
    @(152.40 mm, 45.72 mm): Symbol U4 Pin 13 [CLK, Input, Line]
[pin_not_driven]: Input pin not driven by any Output pins
    ; error
    @(152.40 mm, 45.72 mm): Symbol U4 Pin 13 [CLK, Input, Line]
[pin_not_connected]: Pin not connected
    ; error
    @(106.68 mm, 119.38 mm): Symbol U2 Pin 17 [VREF, Passive, Line]
[pin_not_connected]: Pin not connected
    ; error
    @(152.40 mm, 50.80 mm): Symbol U4 Pin 14 [~{PD}/UART, Bidirectional, Line]
[pin_not_connected]: Pin not connected
    ; error
    @(152.40 mm, 55.88 mm): Symbol U4 Pin 9 [MS1/AD0, Input, Line]
[pin_not_driven]: Input pin not driven by any Output pins
    ; error
    @(152.40 mm, 55.88 mm): Symbol U4 Pin 9 [MS1/AD0, Input, Line]
[pin_not_connected]: Pin not connected
    ; error
    @(152.40 mm, 58.42 mm): Symbol U4 Pin 10 [MS2/AD1, Input, Line]
[pin_not_driven]: Input pin not driven by any Output pins
    ; error
    @(152.40 mm, 58.42 mm): Symbol U4 Pin 10 [MS2/AD1, Input, Line]
[pin_not_connected]: Pin not connected
    ; error
    @(76.20 mm, 144.78 mm): Symbol U2 Pin 20 [STDBY, Input, Line]
[pin_not_driven]: Input pin not driven by any Output pins
    ; error
    @(76.20 mm, 144.78 mm): Symbol U2 Pin 20 [STDBY, Input, Line]
[pin_not_connected]: Pin not connected
    ; error
    @(106.68 mm, 124.46 mm): Symbol U2 Pin 4 [CPO, Input, Line]
[pin_not_driven]: Input pin not driven by any Output pins
    ; error
    @(106.68 mm, 124.46 mm): Symbol U2 Pin 4 [CPO, Input, Line]
[pin_not_connected]: Pin not connected
    ; error
    @(152.40 mm, 60.96 mm): Symbol U4 Pin 7 [SPREAD, Input, Line]
[pin_not_driven]: Input pin not driven by any Output pins
    ; error
    @(152.40 mm, 60.96 mm): Symbol U4 Pin 7 [SPREAD, Input, Line]
[pin_not_connected]: Pin not connected
    ; error
    @(152.40 mm, 68.58 mm): Symbol U4 Pin 20 [STDBY, Input, Line]
[pin_not_driven]: Input pin not driven by any Output pins
    ; error
    @(152.40 mm, 68.58 mm): Symbol U4 Pin 20 [STDBY, Input, Line]
[pin_not_connected]: Pin not connected
    ; error
    @(106.68 mm, 129.54 mm): Symbol U2 Pin 5 [CPI, Input, Line]
[pin_not_driven]: Input pin not driven by any Output pins
    ; error
    @(106.68 mm, 129.54 mm): Symbol U2 Pin 5 [CPI, Input, Line]
[pin_not_connected]: Pin not connected
    ; error
    @(76.20 mm, 149.86 mm): Symbol U2 Pin 11 [DIAG, Output, Line]
[pin_not_connected]: Pin not connected
    ; error
    @(152.40 mm, 73.66 mm): Symbol U4 Pin 11 [DIAG, Output, Line]
[pin_not_connected]: Pin not connected
    ; error
    @(76.20 mm, 152.40 mm): Symbol U2 Pin 12 [INDEX, Output, Line]
[pin_not_connected]: Pin not connected
    ; error
    @(172.72 mm, 30.48 mm): Symbol U4 Pin 6 [VCP, Output, Line]
[pin_not_connected]: Pin not connected
    ; error
    @(106.68 mm, 149.86 mm): Symbol U2 Pin 23 [BRA, Input, Line]
[pin_not_driven]: Input pin not driven by any Output pins
    ; error
    @(106.68 mm, 149.86 mm): Symbol U2 Pin 23 [BRA, Input, Line]
[pin_not_connected]: Pin not connected
    ; error
    @(93.98 mm, 160.02 mm): Symbol U2 Pin 25 [NC, Passive, Line]
[pin_not_connected]: Pin not connected
    ; error
    @(106.68 mm, 152.40 mm): Symbol U2 Pin 27 [BRB, Input, Line]
[pin_not_driven]: Input pin not driven by any Output pins
    ; error
    @(106.68 mm, 152.40 mm): Symbol U2 Pin 27 [BRB, Input, Line]
[pin_not_connected]: Pin not connected
    ; error
    @(182.88 mm, 38.10 mm): Symbol U4 Pin 8 [5VOUT, Power output, Line]
[pin_not_connected]: Pin not connected
    ; error
    @(182.88 mm, 43.18 mm): Symbol U4 Pin 17 [VREF, Passive, Line]
[pin_not_connected]: Pin not connected
    ; error
    @(182.88 mm, 48.26 mm): Symbol U4 Pin 4 [CPO, Input, Line]
[pin_not_driven]: Input pin not driven by any Output pins
    ; error
    @(182.88 mm, 48.26 mm): Symbol U4 Pin 4 [CPO, Input, Line]
[pin_not_connected]: Pin not connected
    ; error
    @(170.18 mm, 83.82 mm): Symbol U4 Pin 25 [NC, Passive, Line]
[pin_not_connected]: Pin not connected
    ; error
    @(182.88 mm, 53.34 mm): Symbol U4 Pin 5 [CPI, Input, Line]
[pin_not_driven]: Input pin not driven by any Output pins
    ; error
    @(182.88 mm, 53.34 mm): Symbol U4 Pin 5 [CPI, Input, Line]
[pin_not_connected]: Pin not connected
    ; error
    @(151.13 mm, 121.92 mm): Symbol U3 Pin 13 [CLK, Input, Line]
[pin_not_driven]: Input pin not driven by any Output pins
    ; error
    @(151.13 mm, 121.92 mm): Symbol U3 Pin 13 [CLK, Input, Line]
[pin_not_connected]: Pin not connected
    ; error
    @(182.88 mm, 73.66 mm): Symbol U4 Pin 23 [BRA, Input, Line]
[pin_not_driven]: Input pin not driven by any Output pins
    ; error
    @(182.88 mm, 73.66 mm): Symbol U4 Pin 23 [BRA, Input, Line]
[pin_not_connected]: Pin not connected
    ; error
    @(151.13 mm, 127.00 mm): Symbol U3 Pin 14 [~{PD}/UART, Bidirectional, Line]
[pin_not_connected]: Pin not connected
    ; error
    @(182.88 mm, 76.20 mm): Symbol U4 Pin 27 [BRB, Input, Line]
[pin_not_driven]: Input pin not driven by any Output pins
    ; error
    @(182.88 mm, 76.20 mm): Symbol U4 Pin 27 [BRB, Input, Line]
[pin_not_connected]: Pin not connected
    ; error
    @(151.13 mm, 132.08 mm): Symbol U3 Pin 9 [MS1/AD0, Input, Line]
[pin_not_driven]: Input pin not driven by any Output pins
    ; error
    @(151.13 mm, 132.08 mm): Symbol U3 Pin 9 [MS1/AD0, Input, Line]
[pin_not_connected]: Pin not connected
    ; error
    @(171.45 mm, 106.68 mm): Symbol U3 Pin 6 [VCP, Output, Line]
[pin_not_connected]: Pin not connected
    ; error
    @(151.13 mm, 134.62 mm): Symbol U3 Pin 10 [MS2/AD1, Input, Line]
[pin_not_driven]: Input pin not driven by any Output pins
    ; error
    @(151.13 mm, 134.62 mm): Symbol U3 Pin 10 [MS2/AD1, Input, Line]
[pin_not_connected]: Pin not connected
    ; error
    @(151.13 mm, 137.16 mm): Symbol U3 Pin 7 [SPREAD, Input, Line]
[pin_not_driven]: Input pin not driven by any Output pins
    ; error
    @(151.13 mm, 137.16 mm): Symbol U3 Pin 7 [SPREAD, Input, Line]
[pin_not_connected]: Pin not connected
    ; error
    @(151.13 mm, 144.78 mm): Symbol U3 Pin 20 [STDBY, Input, Line]
[pin_not_driven]: Input pin not driven by any Output pins
    ; error
    @(151.13 mm, 144.78 mm): Symbol U3 Pin 20 [STDBY, Input, Line]
[pin_not_connected]: Pin not connected
    ; error
    @(151.13 mm, 149.86 mm): Symbol U3 Pin 11 [DIAG, Output, Line]
[pin_not_connected]: Pin not connected
    ; error
    @(181.61 mm, 114.30 mm): Symbol U3 Pin 8 [5VOUT, Power output, Line]
[pin_not_connected]: Pin not connected
    ; error
    @(151.13 mm, 152.40 mm): Symbol U3 Pin 12 [INDEX, Output, Line]
[pin_not_connected]: Pin not connected
    ; error
    @(181.61 mm, 119.38 mm): Symbol U3 Pin 17 [VREF, Passive, Line]
[pin_not_connected]: Pin not connected
    ; error
    @(181.61 mm, 124.46 mm): Symbol U3 Pin 4 [CPO, Input, Line]
[pin_not_driven]: Input pin not driven by any Output pins
    ; error
    @(181.61 mm, 124.46 mm): Symbol U3 Pin 4 [CPO, Input, Line]
[pin_not_connected]: Pin not connected
    ; error
    @(181.61 mm, 129.54 mm): Symbol U3 Pin 5 [CPI, Input, Line]
[pin_not_driven]: Input pin not driven by any Output pins
    ; error
    @(181.61 mm, 129.54 mm): Symbol U3 Pin 5 [CPI, Input, Line]
[pin_not_connected]: Pin not connected
    ; error
    @(168.91 mm, 160.02 mm): Symbol U3 Pin 25 [NC, Passive, Line]
[pin_not_connected]: Pin not connected
    ; error
    @(181.61 mm, 149.86 mm): Symbol U3 Pin 23 [BRA, Input, Line]
[pin_not_driven]: Input pin not driven by any Output pins
    ; error
    @(181.61 mm, 149.86 mm): Symbol U3 Pin 23 [BRA, Input, Line]
[pin_not_connected]: Pin not connected
    ; error
    @(181.61 mm, 152.40 mm): Symbol U3 Pin 27 [BRB, Input, Line]
[pin_not_driven]: Input pin not driven by any Output pins
    ; error
    @(181.61 mm, 152.40 mm): Symbol U3 Pin 27 [BRB, Input, Line]
[ground_pin_not_ground]: Pin GND not connected to ground net
    ; warning
    @(36.83 mm, 82.55 mm): Symbol A1 Pin 29 [GND, Power input, Line]

 ** ERC messages: 125  Errors 124  Warnings 1

 ** Ignored checks:
    - Global label only appears once in the schematic
    - Four connection points are joined together
    - SPICE model issue
    - Assigned footprint doesn't match footprint filters
