** Drc report for 14ch_dispensing_system.kicad_pcb **
** Created on 2026-05-26T01:16:12 **
** Report includes: Errors, Warnings **

** Found 44 DRC violations **
[lib_footprint_issues]: Footprint 'Arduino_Giga_R1_WiFi_Board' not found in library 'Connector'
    Local override; warning
    @(100.0000 mm, 75.0000 mm): Footprint U1
[lib_footprint_mismatch]: Footprint 'PinHeader_1x04_P2.54mm_Vertical' does not match copy in library 'Connector_PinHeader_2.54mm'
    Local override; warning
    @(160.0000 mm, 75.0000 mm): Footprint J2
[lib_footprint_mismatch]: Footprint 'PinHeader_2x08_P2.54mm_Vertical' does not match copy in library 'Connector_PinHeader_2.54mm'
    Local override; warning
    @(25.0000 mm, 45.0000 mm): Footprint J5
[lib_footprint_mismatch]: Footprint 'JST_XH_B4B-XH-A_1x04_P2.50mm_Vertical' does not match copy in library 'Connector_JST'
    Local override; warning
    @(25.0000 mm, 15.0000 mm): Footprint J_MOTOR_CH1
[lib_footprint_mismatch]: Footprint 'JST_GH_BM02B-GHS-TBT_1x02-1MP_P1.25mm_Vertical' does not match copy in library 'Connector_JST'
    Local override; warning
    @(25.0000 mm, 27.0000 mm): Footprint J_SW_CH1
[lib_footprint_mismatch]: Footprint 'PinHeader_2x08_P2.54mm_Vertical' does not match copy in library 'Connector_PinHeader_2.54mm'
    Local override; warning
    @(50.0000 mm, 45.0000 mm): Footprint J6
[lib_footprint_mismatch]: Footprint 'JST_XH_B4B-XH-A_1x04_P2.50mm_Vertical' does not match copy in library 'Connector_JST'
    Local override; warning
    @(50.0000 mm, 15.0000 mm): Footprint J_MOTOR_CH2
[lib_footprint_mismatch]: Footprint 'JST_GH_BM02B-GHS-TBT_1x02-1MP_P1.25mm_Vertical' does not match copy in library 'Connector_JST'
    Local override; warning
    @(50.0000 mm, 27.0000 mm): Footprint J_SW_CH2
[lib_footprint_mismatch]: Footprint 'PinHeader_2x08_P2.54mm_Vertical' does not match copy in library 'Connector_PinHeader_2.54mm'
    Local override; warning
    @(75.0000 mm, 45.0000 mm): Footprint J7
[lib_footprint_mismatch]: Footprint 'JST_XH_B4B-XH-A_1x04_P2.50mm_Vertical' does not match copy in library 'Connector_JST'
    Local override; warning
    @(75.0000 mm, 15.0000 mm): Footprint J_MOTOR_CH3
[lib_footprint_mismatch]: Footprint 'JST_GH_BM02B-GHS-TBT_1x02-1MP_P1.25mm_Vertical' does not match copy in library 'Connector_JST'
    Local override; warning
    @(75.0000 mm, 27.0000 mm): Footprint J_SW_CH3
[lib_footprint_mismatch]: Footprint 'PinHeader_2x08_P2.54mm_Vertical' does not match copy in library 'Connector_PinHeader_2.54mm'
    Local override; warning
    @(100.0000 mm, 45.0000 mm): Footprint J8
[lib_footprint_mismatch]: Footprint 'JST_XH_B4B-XH-A_1x04_P2.50mm_Vertical' does not match copy in library 'Connector_JST'
    Local override; warning
    @(100.0000 mm, 15.0000 mm): Footprint J_MOTOR_CH4
[lib_footprint_mismatch]: Footprint 'JST_GH_BM02B-GHS-TBT_1x02-1MP_P1.25mm_Vertical' does not match copy in library 'Connector_JST'
    Local override; warning
    @(100.0000 mm, 27.0000 mm): Footprint J_SW_CH4
[lib_footprint_mismatch]: Footprint 'PinHeader_2x08_P2.54mm_Vertical' does not match copy in library 'Connector_PinHeader_2.54mm'
    Local override; warning
    @(125.0000 mm, 45.0000 mm): Footprint J9
[lib_footprint_mismatch]: Footprint 'JST_XH_B4B-XH-A_1x04_P2.50mm_Vertical' does not match copy in library 'Connector_JST'
    Local override; warning
    @(125.0000 mm, 15.0000 mm): Footprint J_MOTOR_CH5
[lib_footprint_mismatch]: Footprint 'JST_GH_BM02B-GHS-TBT_1x02-1MP_P1.25mm_Vertical' does not match copy in library 'Connector_JST'
    Local override; warning
    @(125.0000 mm, 27.0000 mm): Footprint J_SW_CH5
[lib_footprint_mismatch]: Footprint 'PinHeader_2x08_P2.54mm_Vertical' does not match copy in library 'Connector_PinHeader_2.54mm'
    Local override; warning
    @(150.0000 mm, 45.0000 mm): Footprint J10
[lib_footprint_mismatch]: Footprint 'JST_XH_B4B-XH-A_1x04_P2.50mm_Vertical' does not match copy in library 'Connector_JST'
    Local override; warning
    @(150.0000 mm, 15.0000 mm): Footprint J_MOTOR_CH6
[lib_footprint_mismatch]: Footprint 'JST_GH_BM02B-GHS-TBT_1x02-1MP_P1.25mm_Vertical' does not match copy in library 'Connector_JST'
    Local override; warning
    @(150.0000 mm, 27.0000 mm): Footprint J_SW_CH6
[lib_footprint_mismatch]: Footprint 'PinHeader_2x08_P2.54mm_Vertical' does not match copy in library 'Connector_PinHeader_2.54mm'
    Local override; warning
    @(175.0000 mm, 45.0000 mm): Footprint J11
[lib_footprint_mismatch]: Footprint 'JST_XH_B4B-XH-A_1x04_P2.50mm_Vertical' does not match copy in library 'Connector_JST'
    Local override; warning
    @(175.0000 mm, 15.0000 mm): Footprint J_MOTOR_CH7
[lib_footprint_mismatch]: Footprint 'JST_GH_BM02B-GHS-TBT_1x02-1MP_P1.25mm_Vertical' does not match copy in library 'Connector_JST'
    Local override; warning
    @(175.0000 mm, 27.0000 mm): Footprint J_SW_CH7
[lib_footprint_mismatch]: Footprint 'PinHeader_2x08_P2.54mm_Vertical' does not match copy in library 'Connector_PinHeader_2.54mm'
    Local override; warning
    @(25.0000 mm, 105.0000 mm): Footprint J12
[lib_footprint_mismatch]: Footprint 'JST_XH_B4B-XH-A_1x04_P2.50mm_Vertical' does not match copy in library 'Connector_JST'
    Local override; warning
    @(25.0000 mm, 135.0000 mm): Footprint J_MOTOR_CH8
[lib_footprint_mismatch]: Footprint 'JST_GH_BM02B-GHS-TBT_1x02-1MP_P1.25mm_Vertical' does not match copy in library 'Connector_JST'
    Local override; warning
    @(25.0000 mm, 123.0000 mm): Footprint J_SW_CH8
[lib_footprint_mismatch]: Footprint 'PinHeader_2x08_P2.54mm_Vertical' does not match copy in library 'Connector_PinHeader_2.54mm'
    Local override; warning
    @(50.0000 mm, 105.0000 mm): Footprint J13
[lib_footprint_mismatch]: Footprint 'JST_XH_B4B-XH-A_1x04_P2.50mm_Vertical' does not match copy in library 'Connector_JST'
    Local override; warning
    @(50.0000 mm, 135.0000 mm): Footprint J_MOTOR_CH9
[lib_footprint_mismatch]: Footprint 'JST_GH_BM02B-GHS-TBT_1x02-1MP_P1.25mm_Vertical' does not match copy in library 'Connector_JST'
    Local override; warning
    @(50.0000 mm, 123.0000 mm): Footprint J_SW_CH9
[lib_footprint_mismatch]: Footprint 'PinHeader_2x08_P2.54mm_Vertical' does not match copy in library 'Connector_PinHeader_2.54mm'
    Local override; warning
    @(75.0000 mm, 105.0000 mm): Footprint J14
[lib_footprint_mismatch]: Footprint 'JST_XH_B4B-XH-A_1x04_P2.50mm_Vertical' does not match copy in library 'Connector_JST'
    Local override; warning
    @(75.0000 mm, 135.0000 mm): Footprint J_MOTOR_CH10
[lib_footprint_mismatch]: Footprint 'JST_GH_BM02B-GHS-TBT_1x02-1MP_P1.25mm_Vertical' does not match copy in library 'Connector_JST'
    Local override; warning
    @(75.0000 mm, 123.0000 mm): Footprint J_SW_CH10
[lib_footprint_mismatch]: Footprint 'PinHeader_2x08_P2.54mm_Vertical' does not match copy in library 'Connector_PinHeader_2.54mm'
    Local override; warning
    @(100.0000 mm, 105.0000 mm): Footprint J15
[lib_footprint_mismatch]: Footprint 'JST_XH_B4B-XH-A_1x04_P2.50mm_Vertical' does not match copy in library 'Connector_JST'
    Local override; warning
    @(100.0000 mm, 135.0000 mm): Footprint J_MOTOR_CH11
[lib_footprint_mismatch]: Footprint 'JST_GH_BM02B-GHS-TBT_1x02-1MP_P1.25mm_Vertical' does not match copy in library 'Connector_JST'
    Local override; warning
    @(100.0000 mm, 123.0000 mm): Footprint J_SW_CH11
[lib_footprint_mismatch]: Footprint 'PinHeader_2x08_P2.54mm_Vertical' does not match copy in library 'Connector_PinHeader_2.54mm'
    Local override; warning
    @(125.0000 mm, 105.0000 mm): Footprint J16
[lib_footprint_mismatch]: Footprint 'JST_XH_B4B-XH-A_1x04_P2.50mm_Vertical' does not match copy in library 'Connector_JST'
    Local override; warning
    @(125.0000 mm, 135.0000 mm): Footprint J_MOTOR_CH12
[lib_footprint_mismatch]: Footprint 'JST_GH_BM02B-GHS-TBT_1x02-1MP_P1.25mm_Vertical' does not match copy in library 'Connector_JST'
    Local override; warning
    @(125.0000 mm, 123.0000 mm): Footprint J_SW_CH12
[lib_footprint_mismatch]: Footprint 'PinHeader_2x08_P2.54mm_Vertical' does not match copy in library 'Connector_PinHeader_2.54mm'
    Local override; warning
    @(150.0000 mm, 105.0000 mm): Footprint J17
[lib_footprint_mismatch]: Footprint 'JST_XH_B4B-XH-A_1x04_P2.50mm_Vertical' does not match copy in library 'Connector_JST'
    Local override; warning
    @(150.0000 mm, 135.0000 mm): Footprint J_MOTOR_CH13
[lib_footprint_mismatch]: Footprint 'JST_GH_BM02B-GHS-TBT_1x02-1MP_P1.25mm_Vertical' does not match copy in library 'Connector_JST'
    Local override; warning
    @(150.0000 mm, 123.0000 mm): Footprint J_SW_CH13
[lib_footprint_mismatch]: Footprint 'PinHeader_2x08_P2.54mm_Vertical' does not match copy in library 'Connector_PinHeader_2.54mm'
    Local override; warning
    @(175.0000 mm, 105.0000 mm): Footprint J18
[lib_footprint_mismatch]: Footprint 'JST_XH_B4B-XH-A_1x04_P2.50mm_Vertical' does not match copy in library 'Connector_JST'
    Local override; warning
    @(175.0000 mm, 135.0000 mm): Footprint J_MOTOR_CH14
[lib_footprint_mismatch]: Footprint 'JST_GH_BM02B-GHS-TBT_1x02-1MP_P1.25mm_Vertical' does not match copy in library 'Connector_JST'
    Local override; warning
    @(175.0000 mm, 123.0000 mm): Footprint J_SW_CH14

** Found 0 unconnected pads **

** Found 0 Footprint errors **

** Ignored checks **
    - Footprint has no courtyard defined
    - Track endpoint not centered on via
    - Tuning profile track geometries
    - Footprint doesn't match symbol's footprint filters
    - Footprint component type doesn't match footprint pads

** End of Report **
