ERC report (2026-05-25T22:31:37, Encoding UTF8)
Report includes: Errors, Warnings

***** Sheet /
[label_dangling]: Label not connected
    ; error
    @(174.60 mm, 130.48 mm): Label 'DIR_CH5'
[label_dangling]: Label not connected
    ; error
    @(174.60 mm, 140.64 mm): Label 'STEP_CH9'
[label_dangling]: Label not connected
    ; error
    @(174.60 mm, 155.88 mm): Label 'EN_CH2'
[label_dangling]: Label not connected
    ; error
    @(174.60 mm, 160.96 mm): Label 'EN_CH9'
[label_dangling]: Label not connected
    ; error
    @(174.60 mm, 176.20 mm): Label 'EN_CH12'
[label_dangling]: Label not connected
    ; error
    @(225.40 mm, 105.08 mm): Label 'RS232_RX'
[label_dangling]: Label not connected
    ; error
    @(174.60 mm, 216.84 mm): Label 'EN_CH3'
[label_dangling]: Label not connected
    ; error
    @(174.60 mm, 221.92 mm): Label 'DIR_CH10'
[label_dangling]: Label not connected
    ; error
    @(225.40 mm, 206.68 mm): Label 'EN_CH10'
[label_dangling]: Label not connected
    ; error
    @(174.60 mm, 252.40 mm): Label 'MS1_CH5'
[label_dangling]: Label not connected
    ; error
    @(225.40 mm, 211.76 mm): Label 'EN_CH6'
[label_dangling]: Label not connected
    ; error
    @(225.40 mm, 216.84 mm): Label 'MS2_CH6'
[label_dangling]: Label not connected
    ; error
    @(225.40 mm, 221.92 mm): Label 'STEP_CH8'
[label_dangling]: Label not connected
    ; error
    @(174.60 mm, 272.72 mm): Label 'EN_CH13'
[label_dangling]: Label not connected
    ; error
    @(174.60 mm, 277.80 mm): Label 'MS1_CH7'
[label_dangling]: Label not connected
    ; error
    @(225.40 mm, 242.24 mm): Label 'MS2_CH12'
[label_dangling]: Label not connected
    ; error
    @(225.40 mm, 257.48 mm): Label 'MS1_CH11'
[label_dangling]: Label not connected
    ; error
    @(225.40 mm, 277.80 mm): Label 'MS1_CH6'
[label_dangling]: Label not connected
    ; error
    @(225.40 mm, 282.88 mm): Label 'MS1_CH12'
[label_dangling]: Label not connected
    ; error
    @(225.40 mm, 293.04 mm): Label 'MS2_CH9'
[label_dangling]: Label not connected
    ; error
    @(47.30 mm, 384.76 mm): Label 'MS1_CH1'
[label_dangling]: Label not connected
    ; error
    @(47.30 mm, 389.84 mm): Label 'MS2_CH1'
[label_dangling]: Label not connected
    ; error
    @(102.30 mm, 384.76 mm): Label 'MS1_CH2'
[label_dangling]: Label not connected
    ; error
    @(72.70 mm, 394.92 mm): Label 'MOTOR_B2_CH1'
[label_dangling]: Label not connected
    ; error
    @(102.30 mm, 389.84 mm): Label 'MS2_CH2'
[label_dangling]: Label not connected
    ; error
    @(127.70 mm, 389.84 mm): Label 'MOTOR_B1_CH2'
[label_dangling]: Label not connected
    ; error
    @(362.70 mm, 194.92 mm): Label 'RS232_TX'
[label_dangling]: Label not connected
    ; error
    @(47.30 mm, 410.16 mm): Label 'STEP_CH1'
[label_dangling]: Label not connected
    ; error
    @(72.70 mm, 410.16 mm): Label '3V3'
[label_dangling]: Label not connected
    ; error
    @(47.30 mm, 415.24 mm): Label 'DIR_CH1'
[label_dangling]: Label not connected
    ; error
    @(157.30 mm, 389.84 mm): Label 'MS2_CH3'
[label_dangling]: Label not connected
    ; error
    @(182.70 mm, 379.68 mm): Label '24V'
[label_dangling]: Label not connected
    ; error
    @(102.30 mm, 410.16 mm): Label 'STEP_CH2'
[label_dangling]: Label not connected
    ; error
    @(127.70 mm, 405.08 mm): Label 'MOTOR_A2_CH2'
[label_dangling]: Label not connected
    ; error
    @(102.30 mm, 415.24 mm): Label 'DIR_CH2'
[label_dangling]: Label not connected
    ; error
    @(182.70 mm, 389.84 mm): Label 'MOTOR_B1_CH3'
[label_dangling]: Label not connected
    ; error
    @(62.30 mm, 429.84 mm): Label 'MOTOR_A1_CH1'
[label_dangling]: Label not connected
    ; error
    @(127.70 mm, 415.24 mm): Label 'GND'
[label_dangling]: Label not connected
    ; error
    @(182.70 mm, 394.92 mm): Label 'MOTOR_B2_CH3'
[label_dangling]: Label not connected
    ; error
    @(32.30 mm, 434.92 mm): Label 'LIMIT_SW_CH1'
[label_dangling]: Label not connected
    ; error
    @(157.30 mm, 410.16 mm): Label 'STEP_CH3'
[label_dangling]: Label not connected
    ; error
    @(62.30 mm, 434.92 mm): Label 'MOTOR_A2_CH1'
[label_dangling]: Label not connected
    ; error
    @(212.30 mm, 384.76 mm): Label 'MS1_CH4'
[label_dangling]: Label not connected
    ; error
    @(212.30 mm, 389.84 mm): Label 'MS2_CH4'
[label_dangling]: Label not connected
    ; error
    @(62.30 mm, 440.00 mm): Label 'MOTOR_B1_CH1'
[label_dangling]: Label not connected
    ; error
    @(117.30 mm, 429.84 mm): Label 'MOTOR_A1_CH2'
[label_dangling]: Label not connected
    ; error
    @(237.70 mm, 389.84 mm): Label 'MOTOR_B1_CH4'
[label_dangling]: Label not connected
    ; error
    @(117.30 mm, 445.08 mm): Label 'MOTOR_B2_CH2'
[label_dangling]: Label not connected
    ; error
    @(237.70 mm, 394.92 mm): Label 'MOTOR_B2_CH4'
[label_dangling]: Label not connected
    ; error
    @(212.30 mm, 410.16 mm): Label 'STEP_CH4'
[label_dangling]: Label not connected
    ; error
    @(172.30 mm, 429.84 mm): Label 'MOTOR_A1_CH3'
[label_dangling]: Label not connected
    ; error
    @(212.30 mm, 415.24 mm): Label 'DIR_CH4'
[label_dangling]: Label not connected
    ; error
    @(172.30 mm, 434.92 mm): Label 'MOTOR_A2_CH3'
[label_dangling]: Label not connected
    ; error
    @(237.70 mm, 405.08 mm): Label 'MOTOR_A2_CH4'
[label_dangling]: Label not connected
    ; error
    @(267.30 mm, 389.84 mm): Label 'MS2_CH5'
[label_dangling]: Label not connected
    ; error
    @(227.30 mm, 429.84 mm): Label 'MOTOR_A1_CH4'
[label_dangling]: Label not connected
    ; error
    @(292.70 mm, 405.08 mm): Label 'MOTOR_A2_CH5'
[label_dangling]: Label not connected
    ; error
    @(282.30 mm, 429.84 mm): Label 'MOTOR_A1_CH5'
[label_dangling]: Label not connected
    ; error
    @(322.30 mm, 410.16 mm): Label 'STEP_CH6'
[label_dangling]: Label not connected
    ; error
    @(347.70 mm, 389.84 mm): Label 'MOTOR_B1_CH6'
[label_dangling]: Label not connected
    ; error
    @(282.30 mm, 440.00 mm): Label 'MOTOR_B1_CH5'
[label_dangling]: Label not connected
    ; error
    @(282.30 mm, 445.08 mm): Label 'MOTOR_B2_CH5'
[label_dangling]: Label not connected
    ; error
    @(347.70 mm, 405.08 mm): Label 'MOTOR_A2_CH6'
[label_dangling]: Label not connected
    ; error
    @(47.30 mm, 534.76 mm): Label 'MS1_CH8'
[label_dangling]: Label not connected
    ; error
    @(102.30 mm, 534.76 mm): Label 'MS1_CH9'
[label_dangling]: Label not connected
    ; error
    @(72.70 mm, 539.84 mm): Label 'MOTOR_B1_CH8'
[label_dangling]: Label not connected
    ; error
    @(337.30 mm, 429.84 mm): Label 'MOTOR_A1_CH6'
[label_dangling]: Label not connected
    ; error
    @(127.70 mm, 539.84 mm): Label 'MOTOR_B1_CH9'
[label_dangling]: Label not connected
    ; error
    @(377.30 mm, 410.16 mm): Label 'STEP_CH7'
[label_dangling]: Label not connected
    ; error
    @(157.30 mm, 534.76 mm): Label 'MS1_CH10'
[label_dangling]: Label not connected
    ; error
    @(337.30 mm, 445.08 mm): Label 'MOTOR_B2_CH6'
[label_dangling]: Label not connected
    ; error
    @(377.30 mm, 415.24 mm): Label 'DIR_CH7'
[label_dangling]: Label not connected
    ; error
    @(157.30 mm, 539.84 mm): Label 'MS2_CH10'
[label_dangling]: Label not connected
    ; error
    @(402.70 mm, 394.92 mm): Label 'MOTOR_B2_CH7'
[label_dangling]: Label not connected
    ; error
    @(127.70 mm, 550.00 mm): Label 'MOTOR_A1_CH9'
[label_dangling]: Label not connected
    ; error
    @(362.30 mm, 434.92 mm): Label 'LIMIT_SW_CH7'
[label_dangling]: Label not connected
    ; error
    @(182.70 mm, 539.84 mm): Label 'MOTOR_B1_CH10'
[label_dangling]: Label not connected
    ; error
    @(182.70 mm, 544.92 mm): Label 'MOTOR_B2_CH10'
[label_dangling]: Label not connected
    ; error
    @(212.30 mm, 539.84 mm): Label 'MS2_CH11'
[label_dangling]: Label not connected
    ; error
    @(392.30 mm, 429.84 mm): Label 'MOTOR_A1_CH7'
[label_dangling]: Label not connected
    ; error
    @(62.30 mm, 579.84 mm): Label 'MOTOR_A1_CH8'
[label_dangling]: Label not connected
    ; error
    @(182.70 mm, 555.08 mm): Label 'MOTOR_A2_CH10'
[label_dangling]: Label not connected
    ; error
    @(392.30 mm, 434.92 mm): Label 'MOTOR_A2_CH7'
[label_dangling]: Label not connected
    ; error
    @(62.30 mm, 584.92 mm): Label 'MOTOR_A2_CH8'
[label_dangling]: Label not connected
    ; error
    @(392.30 mm, 440.00 mm): Label 'MOTOR_B1_CH7'
[label_dangling]: Label not connected
    ; error
    @(237.70 mm, 539.84 mm): Label 'MOTOR_B1_CH11'
[label_dangling]: Label not connected
    ; error
    @(237.70 mm, 544.92 mm): Label 'MOTOR_B2_CH11'
[label_dangling]: Label not connected
    ; error
    @(117.30 mm, 584.92 mm): Label 'MOTOR_A2_CH9'
[label_dangling]: Label not connected
    ; error
    @(62.30 mm, 595.08 mm): Label 'MOTOR_B2_CH8'
[label_dangling]: Label not connected
    ; error
    @(212.30 mm, 560.16 mm): Label 'STEP_CH11'
[label_dangling]: Label not connected
    ; error
    @(237.70 mm, 555.08 mm): Label 'MOTOR_A2_CH11'
[label_dangling]: Label not connected
    ; error
    @(172.30 mm, 579.84 mm): Label 'MOTOR_A1_CH10'
[label_dangling]: Label not connected
    ; error
    @(117.30 mm, 595.08 mm): Label 'MOTOR_B2_CH9'
[label_dangling]: Label not connected
    ; error
    @(292.70 mm, 539.84 mm): Label 'MOTOR_B1_CH12'
[label_dangling]: Label not connected
    ; error
    @(292.70 mm, 544.92 mm): Label 'MOTOR_B2_CH12'
[label_dangling]: Label not connected
    ; error
    @(267.30 mm, 560.16 mm): Label 'STEP_CH12'
[label_dangling]: Label not connected
    ; error
    @(227.30 mm, 579.84 mm): Label 'MOTOR_A1_CH11'
[label_dangling]: Label not connected
    ; error
    @(292.70 mm, 550.00 mm): Label 'MOTOR_A1_CH12'
[label_dangling]: Label not connected
    ; error
    @(322.30 mm, 534.76 mm): Label 'MS1_CH13'
[label_dangling]: Label not connected
    ; error
    @(267.30 mm, 565.24 mm): Label 'DIR_CH12'
[label_dangling]: Label not connected
    ; error
    @(292.70 mm, 555.08 mm): Label 'MOTOR_A2_CH12'
[label_dangling]: Label not connected
    ; error
    @(347.70 mm, 539.84 mm): Label 'MOTOR_B1_CH13'
[label_dangling]: Label not connected
    ; error
    @(347.70 mm, 555.08 mm): Label 'MOTOR_A2_CH13'
[label_dangling]: Label not connected
    ; error
    @(337.30 mm, 579.84 mm): Label 'MOTOR_A1_CH13'
[label_dangling]: Label not connected
    ; error
    @(402.70 mm, 539.84 mm): Label 'MOTOR_B1_CH14'
[label_dangling]: Label not connected
    ; error
    @(402.70 mm, 544.92 mm): Label 'MOTOR_B2_CH14'
[label_dangling]: Label not connected
    ; error
    @(402.70 mm, 550.00 mm): Label 'MOTOR_A1_CH14'
[label_dangling]: Label not connected
    ; error
    @(337.30 mm, 595.08 mm): Label 'MOTOR_B2_CH13'
[label_dangling]: Label not connected
    ; error
    @(402.70 mm, 555.08 mm): Label 'MOTOR_A2_CH14'
[label_dangling]: Label not connected
    ; error
    @(362.30 mm, 584.92 mm): Label 'LIMIT_SW_CH14'
[multiple_net_names]: Both MS1_CH3 and RS232_TX are attached to the same items; MS1_CH3 will be used in the netlist
    ; warning
    @(174.60 mm, 105.08 mm): Label 'MS1_CH3'
    @(174.60 mm, 105.08 mm): Label 'RS232_TX'
[multiple_net_names]: Both DIR_CH14 and STEP_CH11 are attached to the same items; DIR_CH14 will be used in the netlist
    ; warning
    @(225.40 mm, 155.88 mm): Label 'DIR_CH14'
    @(225.40 mm, 155.88 mm): Label 'STEP_CH11'
[footprint_link_issues]: The current configuration does not include the footprint library ''
    ; warning
    @(200.00 mm, 200.00 mm): Symbol U1 [ARDUINO_GIGA_R1_WIFI]
[multiple_net_names]: Both EN_CH8 and STEP_CH6 are attached to the same items; EN_CH8 will be used in the netlist
    ; warning
    @(47.30 mm, 529.68 mm): Label 'EN_CH8'
    @(174.60 mm, 237.16 mm): Label 'STEP_CH6'
[multiple_net_names]: Both EN_CH1 and LIMIT_SW_CH1 are attached to the same items; EN_CH1 will be used in the netlist
    ; warning
    @(174.60 mm, 287.96 mm): Label 'EN_CH1'
    @(47.30 mm, 379.68 mm): Label 'LIMIT_SW_CH1'
[multiple_net_names]: Both EN_CH4 and MS2_CH1 are attached to the same items; EN_CH4 will be used in the netlist
    ; warning
    @(212.30 mm, 379.68 mm): Label 'EN_CH4'
    @(47.30 mm, 389.84 mm): Label 'MS2_CH1'
[multiple_net_names]: Both EN_CH2 and LIMIT_SW_CH2 are attached to the same items; EN_CH2 will be used in the netlist
    ; warning
    @(102.30 mm, 379.68 mm): Label 'EN_CH2'
    @(102.30 mm, 379.68 mm): Label 'LIMIT_SW_CH2'
[multiple_net_names]: Both DIR_CH6 and MS2_CH2 are attached to the same items; DIR_CH6 will be used in the netlist
    ; warning
    @(225.40 mm, 237.16 mm): Label 'DIR_CH6'
    @(102.30 mm, 389.84 mm): Label 'MS2_CH2'
[multiple_net_names]: Both EN_CH11 and MS2_CH3 are attached to the same items; EN_CH11 will be used in the netlist
    ; warning
    @(225.40 mm, 125.40 mm): Label 'EN_CH11'
    @(157.30 mm, 389.84 mm): Label 'MS2_CH3'
[multiple_net_names]: Both DIR_CH8 and STEP_CH2 are attached to the same items; DIR_CH8 will be used in the netlist
    ; warning
    @(47.30 mm, 565.24 mm): Label 'DIR_CH8'
    @(102.30 mm, 410.16 mm): Label 'STEP_CH2'
[multiple_net_names]: Both DIR_CH13 and DIR_CH2 are attached to the same items; DIR_CH13 will be used in the netlist
    ; warning
    @(225.40 mm, 272.72 mm): Label 'DIR_CH13'
    @(102.30 mm, 415.24 mm): Label 'DIR_CH2'
[multiple_net_names]: Both EN_CH14 and STEP_CH3 are attached to the same items; EN_CH14 will be used in the netlist
    ; warning
    @(225.40 mm, 287.96 mm): Label 'EN_CH14'
    @(157.30 mm, 410.16 mm): Label 'STEP_CH3'
[multiple_net_names]: Both DIR_CH11 and MS1_CH4 are attached to the same items; DIR_CH11 will be used in the netlist
    ; warning
    @(212.30 mm, 565.24 mm): Label 'DIR_CH11'
    @(212.30 mm, 384.76 mm): Label 'MS1_CH4'
[footprint_link_issues]: Footprint 'JST_GH_1x02_P1.25mm_Vertical' not found in library 'Connector_JST'
    ; warning
    @(45.00 mm, 440.00 mm): Symbol J_SW_CH1 [LIMIT_SW_CH1]
[multiple_net_names]: Both DIR_CH1 and DIR_CH3 are attached to the same items; DIR_CH1 will be used in the netlist
    ; warning
    @(174.60 mm, 135.56 mm): Label 'DIR_CH1'
    @(157.30 mm, 415.24 mm): Label 'DIR_CH3'
[footprint_link_issues]: Footprint 'JST_XH_B4B-XH-A_1x04_P2.54mm_Vertical' not found in library 'Connector_JST'
    ; warning
    @(75.00 mm, 440.00 mm): Symbol J_MOTOR_CH1 [MOTOR_TERM_CH1]
[footprint_link_issues]: Footprint 'JST_GH_1x02_P1.25mm_Vertical' not found in library 'Connector_JST'
    ; warning
    @(100.00 mm, 440.00 mm): Symbol J_SW_CH2 [LIMIT_SW_CH2]
[multiple_net_names]: Both EN_CH3 and LIMIT_SW_CH3 are attached to the same items; EN_CH3 will be used in the netlist
    ; warning
    @(174.60 mm, 216.84 mm): Label 'EN_CH3'
    @(142.30 mm, 434.92 mm): Label 'LIMIT_SW_CH3'
[footprint_link_issues]: Footprint 'JST_XH_B4B-XH-A_1x04_P2.54mm_Vertical' not found in library 'Connector_JST'
    ; warning
    @(130.00 mm, 440.00 mm): Symbol J_MOTOR_CH2 [MOTOR_TERM_CH2]
[footprint_link_issues]: Footprint 'JST_GH_1x02_P1.25mm_Vertical' not found in library 'Connector_JST'
    ; warning
    @(155.00 mm, 440.00 mm): Symbol J_SW_CH3 [LIMIT_SW_CH3]
[multiple_net_names]: Both MS2_CH13 and MS2_CH5 are attached to the same items; MS2_CH13 will be used in the netlist
    ; warning
    @(174.60 mm, 206.68 mm): Label 'MS2_CH13'
    @(267.30 mm, 389.84 mm): Label 'MS2_CH5'
[footprint_link_issues]: Footprint 'JST_XH_B4B-XH-A_1x04_P2.54mm_Vertical' not found in library 'Connector_JST'
    ; warning
    @(185.00 mm, 440.00 mm): Symbol J_MOTOR_CH3 [MOTOR_TERM_CH3]
[footprint_link_issues]: Footprint 'JST_GH_1x02_P1.25mm_Vertical' not found in library 'Connector_JST'
    ; warning
    @(210.00 mm, 440.00 mm): Symbol J_SW_CH4 [LIMIT_SW_CH4]
[multiple_net_names]: Both DIR_CH4 and STEP_CH5 are attached to the same items; DIR_CH4 will be used in the netlist
    ; warning
    @(225.40 mm, 232.08 mm): Label 'DIR_CH4'
    @(267.30 mm, 410.16 mm): Label 'STEP_CH5'
[multiple_net_names]: Both EN_CH6 and LIMIT_SW_CH6 are attached to the same items; EN_CH6 will be used in the netlist
    ; warning
    @(225.40 mm, 211.76 mm): Label 'EN_CH6'
    @(322.30 mm, 379.68 mm): Label 'LIMIT_SW_CH6'
[footprint_link_issues]: Footprint 'JST_XH_B4B-XH-A_1x04_P2.54mm_Vertical' not found in library 'Connector_JST'
    ; warning
    @(240.00 mm, 440.00 mm): Symbol J_MOTOR_CH4 [MOTOR_TERM_CH4]
[footprint_link_issues]: Footprint 'JST_GH_1x02_P1.25mm_Vertical' not found in library 'Connector_JST'
    ; warning
    @(265.00 mm, 440.00 mm): Symbol J_SW_CH5 [LIMIT_SW_CH5]
[footprint_link_issues]: Footprint 'JST_XH_B4B-XH-A_1x04_P2.54mm_Vertical' not found in library 'Connector_JST'
    ; warning
    @(295.00 mm, 440.00 mm): Symbol J_MOTOR_CH5 [MOTOR_TERM_CH5]
[multiple_net_names]: Both DIR_CH9 and EN_CH7 are attached to the same items; DIR_CH9 will be used in the netlist
    ; warning
    @(225.40 mm, 176.20 mm): Label 'DIR_CH9'
    @(377.30 mm, 379.68 mm): Label 'EN_CH7'
[multiple_net_names]: Both EN_CH9 and LIMIT_SW_CH9 are attached to the same items; EN_CH9 will be used in the netlist
    ; warning
    @(102.30 mm, 529.68 mm): Label 'EN_CH9'
    @(102.30 mm, 529.68 mm): Label 'LIMIT_SW_CH9'
[footprint_link_issues]: Footprint 'JST_GH_1x02_P1.25mm_Vertical' not found in library 'Connector_JST'
    ; warning
    @(320.00 mm, 440.00 mm): Symbol J_SW_CH6 [LIMIT_SW_CH6]
[multiple_net_names]: Both EN_CH10 and LIMIT_SW_CH10 are attached to the same items; EN_CH10 will be used in the netlist
    ; warning
    @(157.30 mm, 529.68 mm): Label 'EN_CH10'
    @(157.30 mm, 529.68 mm): Label 'LIMIT_SW_CH10'
[footprint_link_issues]: Footprint 'JST_XH_B4B-XH-A_1x04_P2.54mm_Vertical' not found in library 'Connector_JST'
    ; warning
    @(350.00 mm, 440.00 mm): Symbol J_MOTOR_CH6 [MOTOR_TERM_CH6]
[footprint_link_issues]: Footprint 'JST_GH_1x02_P1.25mm_Vertical' not found in library 'Connector_JST'
    ; warning
    @(375.00 mm, 440.00 mm): Symbol J_SW_CH7 [LIMIT_SW_CH7]
[footprint_link_issues]: Footprint 'JST_GH_1x02_P1.25mm_Vertical' not found in library 'Connector_JST'
    ; warning
    @(45.00 mm, 590.00 mm): Symbol J_SW_CH8 [LIMIT_SW_CH8]
[multiple_net_names]: Both EN_CH12 and LIMIT_SW_CH12 are attached to the same items; EN_CH12 will be used in the netlist
    ; warning
    @(267.30 mm, 529.68 mm): Label 'EN_CH12'
    @(267.30 mm, 529.68 mm): Label 'LIMIT_SW_CH12'
[footprint_link_issues]: Footprint 'JST_XH_B4B-XH-A_1x04_P2.54mm_Vertical' not found in library 'Connector_JST'
    ; warning
    @(75.00 mm, 590.00 mm): Symbol J_MOTOR_CH8 [MOTOR_TERM_CH8]
[footprint_link_issues]: Footprint 'JST_XH_B4B-XH-A_1x04_P2.54mm_Vertical' not found in library 'Connector_JST'
    ; warning
    @(405.00 mm, 440.00 mm): Symbol J_MOTOR_CH7 [MOTOR_TERM_CH7]
[footprint_link_issues]: Footprint 'JST_GH_1x02_P1.25mm_Vertical' not found in library 'Connector_JST'
    ; warning
    @(100.00 mm, 590.00 mm): Symbol J_SW_CH9 [LIMIT_SW_CH9]
[footprint_link_issues]: Footprint 'JST_XH_B4B-XH-A_1x04_P2.54mm_Vertical' not found in library 'Connector_JST'
    ; warning
    @(130.00 mm, 590.00 mm): Symbol J_MOTOR_CH9 [MOTOR_TERM_CH9]
[footprint_link_issues]: Footprint 'JST_GH_1x02_P1.25mm_Vertical' not found in library 'Connector_JST'
    ; warning
    @(155.00 mm, 590.00 mm): Symbol J_SW_CH10 [LIMIT_SW_CH10]
[footprint_link_issues]: Footprint 'JST_XH_B4B-XH-A_1x04_P2.54mm_Vertical' not found in library 'Connector_JST'
    ; warning
    @(185.00 mm, 590.00 mm): Symbol J_MOTOR_CH10 [MOTOR_TERM_CH10]
[footprint_link_issues]: Footprint 'JST_GH_1x02_P1.25mm_Vertical' not found in library 'Connector_JST'
    ; warning
    @(210.00 mm, 590.00 mm): Symbol J_SW_CH11 [LIMIT_SW_CH11]
[footprint_link_issues]: Footprint 'JST_XH_B4B-XH-A_1x04_P2.54mm_Vertical' not found in library 'Connector_JST'
    ; warning
    @(240.00 mm, 590.00 mm): Symbol J_MOTOR_CH11 [MOTOR_TERM_CH11]
[multiple_net_names]: Both DIR_CH7 and STEP_CH13 are attached to the same items; DIR_CH7 will be used in the netlist
    ; warning
    @(377.30 mm, 415.24 mm): Label 'DIR_CH7'
    @(322.30 mm, 560.16 mm): Label 'STEP_CH13'
[footprint_link_issues]: Footprint 'JST_GH_1x02_P1.25mm_Vertical' not found in library 'Connector_JST'
    ; warning
    @(265.00 mm, 590.00 mm): Symbol J_SW_CH12 [LIMIT_SW_CH12]
[multiple_net_names]: Both EN_CH14 and LIMIT_SW_CH14 are attached to the same items; EN_CH14 will be used in the netlist
    ; warning
    @(377.30 mm, 529.68 mm): Label 'EN_CH14'
    @(377.30 mm, 529.68 mm): Label 'LIMIT_SW_CH14'
[multiple_net_names]: Both MS1_CH13 and MS1_CH14 are attached to the same items; MS1_CH13 will be used in the netlist
    ; warning
    @(322.30 mm, 534.76 mm): Label 'MS1_CH13'
    @(377.30 mm, 534.76 mm): Label 'MS1_CH14'
[multiple_net_names]: Both MS1_CH2 and MS2_CH14 are attached to the same items; MS1_CH2 will be used in the netlist
    ; warning
    @(174.60 mm, 115.24 mm): Label 'MS1_CH2'
    @(377.30 mm, 539.84 mm): Label 'MS2_CH14'
[footprint_link_issues]: Footprint 'JST_XH_B4B-XH-A_1x04_P2.54mm_Vertical' not found in library 'Connector_JST'
    ; warning
    @(295.00 mm, 590.00 mm): Symbol J_MOTOR_CH12 [MOTOR_TERM_CH12]
[multiple_net_names]: Both EN_CH13 and LIMIT_SW_CH13 are attached to the same items; EN_CH13 will be used in the netlist
    ; warning
    @(322.30 mm, 529.68 mm): Label 'EN_CH13'
    @(307.30 mm, 584.92 mm): Label 'LIMIT_SW_CH13'
[footprint_link_issues]: Footprint 'JST_GH_1x02_P1.25mm_Vertical' not found in library 'Connector_JST'
    ; warning
    @(320.00 mm, 590.00 mm): Symbol J_SW_CH13 [LIMIT_SW_CH13]
[multiple_net_names]: Both MS1_CH10 and STEP_CH14 are attached to the same items; MS1_CH10 will be used in the netlist
    ; warning
    @(157.30 mm, 534.76 mm): Label 'MS1_CH10'
    @(377.30 mm, 560.16 mm): Label 'STEP_CH14'
[footprint_link_issues]: Footprint 'JST_XH_B4B-XH-A_1x04_P2.54mm_Vertical' not found in library 'Connector_JST'
    ; warning
    @(350.00 mm, 590.00 mm): Symbol J_MOTOR_CH13 [MOTOR_TERM_CH13]
[footprint_link_issues]: Footprint 'JST_GH_1x02_P1.25mm_Vertical' not found in library 'Connector_JST'
    ; warning
    @(375.00 mm, 590.00 mm): Symbol J_SW_CH14 [LIMIT_SW_CH14]
[footprint_link_issues]: Footprint 'JST_XH_B4B-XH-A_1x04_P2.54mm_Vertical' not found in library 'Connector_JST'
    ; warning
    @(405.00 mm, 590.00 mm): Symbol J_MOTOR_CH14 [MOTOR_TERM_CH14]

 ** ERC messages: 166  Errors 110  Warnings 56

 ** Ignored checks:
    - Global label only appears once in the schematic
    - Four connection points are joined together
    - SPICE model issue
    - Assigned footprint doesn't match footprint filters
